// Jest Snapshot v1, https://goo.gl/fbAQLP

exports[`Pruebas en <GifGridItem /> debe de mostrar el componente correctamente 1`] = `
<Col
  className="mb-4 h-100"
  lg="3"
  md="3"
  xs="12"
>
  <Card
    body={false}
  >
    <CardImg
      alt="UN TITULO"
      className="img-fluid"
      src="https://fakestoreapi.com/img/81fPKd-2AYL._AC_SL1500_.jpg"
      variant="top"
    />
    <CardBody>
      <CardTitle>
        <Link
          to="/product/1"
        >
          UN TITULO
        </Link>
      </CardTitle>
      <Row
        noGutters={false}
      >
        <Col>
          $. 
          12.2
        </Col>
        <Col>
          <AddCartButton
            productId={1}
          />
        </Col>
      </Row>
    </CardBody>
  </Card>
</Col>
`;
